../../Drivers/CMSIS/Include/core_cm4.h:1933:34:__NVIC_SystemReset	4	static,ignoring_inline_asm
../../Drivers/STM32WBxx_HAL_Driver/Inc/stm32wbxx_ll_pwr.h:1663:22:LL_C2_PWR_SetPowerMode	16	static
../../Drivers/STM32WBxx_HAL_Driver/Inc/stm32wbxx_ll_exti.h:391:22:LL_EXTI_EnableIT_32_63	16	static
../../Drivers/STM32WBxx_HAL_Driver/Inc/stm32wbxx_ll_exti.h:417:22:LL_C2_EXTI_EnableIT_32_63	16	static
../../Drivers/STM32WBxx_HAL_Driver/Inc/stm32wbxx_ll_rcc.h:2349:22:LL_RCC_SetClkAfterWakeFromStop	16	static
C:/Users/Teambull/STM32Cube/Example/Zigbee_OTA_Client_Router/Core/Src/app_entry.c:83:6:APPE_Init	8	static
C:/Users/Teambull/STM32Cube/Example/Zigbee_OTA_Client_Router/Core/Src/app_entry.c:122:13:Init_Debug	8	static
C:/Users/Teambull/STM32Cube/Example/Zigbee_OTA_Client_Router/Core/Src/app_entry.c:172:13:SystemPower_Config	8	static
C:/Users/Teambull/STM32Cube/Example/Zigbee_OTA_Client_Router/Core/Src/app_entry.c:195:13:APPE_Tl_Init	40	static
C:/Users/Teambull/STM32Cube/Example/Zigbee_OTA_Client_Router/Core/Src/app_entry.c:222:13:APPE_SysStatusNot	16	static
C:/Users/Teambull/STM32Cube/Example/Zigbee_OTA_Client_Router/Core/Src/app_entry.c:244:13:APPE_SysUserEvtRx	24	static
C:/Users/Teambull/STM32Cube/Example/Zigbee_OTA_Client_Router/Core/Src/app_entry.c:269:13:APPE_SysEvtError	16	static
C:/Users/Teambull/STM32Cube/Example/Zigbee_OTA_Client_Router/Core/Src/app_entry.c:284:38:APPE_SysevtReadyProcessing	24	static
C:/Users/Teambull/STM32Cube/Example/Zigbee_OTA_Client_Router/Core/Src/app_entry.c:424:13:Led_Init	8	static
C:/Users/Teambull/STM32Cube/Example/Zigbee_OTA_Client_Router/Core/Src/app_entry.c:440:13:Button_Init	8	static
C:/Users/Teambull/STM32Cube/Example/Zigbee_OTA_Client_Router/Core/Src/app_entry.c:460:6:UTIL_SEQ_Idle	4	static
C:/Users/Teambull/STM32Cube/Example/Zigbee_OTA_Client_Router/Core/Src/app_entry.c:475:6:UTIL_SEQ_EvtIdle	16	static
C:/Users/Teambull/STM32Cube/Example/Zigbee_OTA_Client_Router/Core/Src/app_entry.c:500:6:shci_notify_asynch_evt	16	static
C:/Users/Teambull/STM32Cube/Example/Zigbee_OTA_Client_Router/Core/Src/app_entry.c:508:6:shci_cmd_resp_release	16	static
C:/Users/Teambull/STM32Cube/Example/Zigbee_OTA_Client_Router/Core/Src/app_entry.c:516:6:shci_cmd_resp_wait	16	static
C:/Users/Teambull/STM32Cube/Example/Zigbee_OTA_Client_Router/Core/Src/app_entry.c:525:6:TL_TRACES_EvtReceived	16	static
C:/Users/Teambull/STM32Cube/Example/Zigbee_OTA_Client_Router/Core/Src/app_entry.c:544:6:DbgOutputInit	8	static
C:/Users/Teambull/STM32Cube/Example/Zigbee_OTA_Client_Router/Core/Src/app_entry.c:559:6:DbgOutputTraces	24	static
C:/Users/Teambull/STM32Cube/Example/Zigbee_OTA_Client_Router/Core/Src/app_entry.c:573:6:HAL_GPIO_EXTI_Callback	16	static
C:/Users/Teambull/STM32Cube/Example/Zigbee_OTA_Client_Router/Core/Src/app_entry.c:593:13:RxUART_Init	8	static
C:/Users/Teambull/STM32Cube/Example/Zigbee_OTA_Client_Router/Core/Src/app_entry.c:599:13:RxCpltCallback	8	static
C:/Users/Teambull/STM32Cube/Example/Zigbee_OTA_Client_Router/Core/Src/app_entry.c:625:13:UartCmdExecute	8	static
