../../Drivers/STM32WBxx_HAL_Driver/Inc/stm32wbxx_ll_rcc.h:4128:26:LL_RCC_IsActiveFlag_OBLRST	4	static
../../Drivers/STM32WBxx_HAL_Driver/Inc/stm32wbxx_ll_rcc.h:4148:26:LL_RCC_IsActiveFlag_SFTRST	4	static
C:/Users/Teambull/STM32Cube/Example/Zigbee_OTA_Client_Router/Core/Src/system_stm32wbxx.c:195:13:BootModeCheck	8	static
C:/Users/Teambull/STM32Cube/Example/Zigbee_OTA_Client_Router/Core/Src/system_stm32wbxx.c:281:13:JumpSelectionOnPowerUp	8	static
C:/Users/Teambull/STM32Cube/Example/Zigbee_OTA_Client_Router/Core/Src/system_stm32wbxx.c:322:13:JumpFwApp	16	static,ignoring_inline_asm
C:/Users/Teambull/STM32Cube/Example/Zigbee_OTA_Client_Router/Core/Src/system_stm32wbxx.c:344:16:CheckFwAppValidity	40	static
C:/Users/Teambull/STM32Cube/Example/Zigbee_OTA_Client_Router/Core/Src/system_stm32wbxx.c:401:6:SystemInit	8	static
C:/Users/Teambull/STM32Cube/Example/Zigbee_OTA_Client_Router/Core/Src/system_stm32wbxx.c:489:6:SystemCoreClockUpdate	32	static
