../../Drivers/CMSIS/Include/core_cm4.h:1933:34:__NVIC_SystemReset	4	static,ignoring_inline_asm
../../Drivers/STM32WBxx_HAL_Driver/Inc/stm32wbxx_ll_system.h:2162:26:LL_FLASH_IsActiveFlag_OperationSuspended	4	static
../../Drivers/STM32WBxx_HAL_Driver/Inc/stm32wbxx_ll_hsem.h:233:26:LL_HSEM_1StepLock	16	static
../../Drivers/STM32WBxx_HAL_Driver/Inc/stm32wbxx_ll_hsem.h:247:22:LL_HSEM_ReleaseLock	24	static
C:/Users/Teambull/STM32Cube/Example/Zigbee_OTA_Client_Router/STM32_WPAN/App/app_zigbee.c:179:13:APP_ZIGBEE_OTA_Client_DiscoverComplete_cb	40	static
C:/Users/Teambull/STM32Cube/Example/Zigbee_OTA_Client_Router/STM32_WPAN/App/app_zigbee.c:213:28:APP_ZIGBEE_OTA_Client_ImageNotify_cb	32	static
C:/Users/Teambull/STM32Cube/Example/Zigbee_OTA_Client_Router/STM32_WPAN/App/app_zigbee.c:282:13:APP_ZIGBEE_OTA_Client_QueryNextImage_cb	40	static
C:/Users/Teambull/STM32Cube/Example/Zigbee_OTA_Client_Router/STM32_WPAN/App/app_zigbee.c:329:13:APP_ZIGBEE_OTA_Client_Crc_Calc	32	static
C:/Users/Teambull/STM32Cube/Example/Zigbee_OTA_Client_Router/STM32_WPAN/App/app_zigbee.c:360:28:APP_ZIGBEE_OTA_Client_WriteImage_cb	40	static
C:/Users/Teambull/STM32Cube/Example/Zigbee_OTA_Client_Router/STM32_WPAN/App/app_zigbee.c:472:28:APP_ZIGBEE_OTA_Client_ImageValidate_cb	88	static
C:/Users/Teambull/STM32Cube/Example/Zigbee_OTA_Client_Router/STM32_WPAN/App/app_zigbee.c:539:13:APP_ZIGBEE_OTA_Client_Reboot_cb	16	static
C:/Users/Teambull/STM32Cube/Example/Zigbee_OTA_Client_Router/STM32_WPAN/App/app_zigbee.c:562:28:APP_ZIGBEE_OTA_Client_AbortDownload_cb	24	static
C:/Users/Teambull/STM32Cube/Example/Zigbee_OTA_Client_Router/STM32_WPAN/App/app_zigbee.c:578:20:APP_ZIGBEE_OTA_Client_Request_Upgrade	24	static
C:/Users/Teambull/STM32Cube/Example/Zigbee_OTA_Client_Router/STM32_WPAN/App/app_zigbee.c:607:20:APP_ZIGBEE_OTA_Client_StartDownload	8	static
C:/Users/Teambull/STM32Cube/Example/Zigbee_OTA_Client_Router/STM32_WPAN/App/app_zigbee.c:618:19:APP_ZIGBEE_FindImageType	24	static
C:/Users/Teambull/STM32Cube/Example/Zigbee_OTA_Client_Router/STM32_WPAN/App/app_zigbee.c:632:40:APP_ZIGBEE_OTA_Client_WriteFirmwareData	48	static
C:/Users/Teambull/STM32Cube/Example/Zigbee_OTA_Client_Router/STM32_WPAN/App/app_zigbee.c:676:24:GetFirstSecureSector	32	static
C:/Users/Teambull/STM32Cube/Example/Zigbee_OTA_Client_Router/STM32_WPAN/App/app_zigbee.c:713:20:Delete_Sectors	56	static
C:/Users/Teambull/STM32Cube/Example/Zigbee_OTA_Client_Router/STM32_WPAN/App/app_zigbee.c:761:40:APP_ZIGBEE_CheckDeviceCapabilities	40	static
C:/Users/Teambull/STM32Cube/Example/Zigbee_OTA_Client_Router/STM32_WPAN/App/app_zigbee.c:809:13:APP_ZIGBEE_PerformReset	8	static
C:/Users/Teambull/STM32Cube/Example/Zigbee_OTA_Client_Router/STM32_WPAN/App/app_zigbee.c:857:13:APP_ZIGBEE_LEDToggle	8	static
C:/Users/Teambull/STM32Cube/Example/Zigbee_OTA_Client_Router/STM32_WPAN/App/app_zigbee.c:872:13:APP_ZIGBEE_persist_notify_cb	16	static
C:/Users/Teambull/STM32Cube/Example/Zigbee_OTA_Client_Router/STM32_WPAN/App/app_zigbee.c:898:27:APP_ZIGBEE_ZbStartupPersist	40	static
C:/Users/Teambull/STM32Cube/Example/Zigbee_OTA_Client_Router/STM32_WPAN/App/app_zigbee.c:949:13:APP_ZIGBEE_PersistCompleted_callback	4	static
C:/Users/Teambull/STM32Cube/Example/Zigbee_OTA_Client_Router/STM32_WPAN/App/app_zigbee.c:960:13:APP_ZIGBEE_persist_load	8	static
C:/Users/Teambull/STM32Cube/Example/Zigbee_OTA_Client_Router/STM32_WPAN/App/app_zigbee.c:994:13:APP_ZIGBEE_persist_save	24	static
C:/Users/Teambull/STM32Cube/Example/Zigbee_OTA_Client_Router/STM32_WPAN/App/app_zigbee.c:1059:13:APP_ZIGBEE_persist_delete	8	static
C:/Users/Teambull/STM32Cube/Example/Zigbee_OTA_Client_Router/STM32_WPAN/App/app_zigbee.c:1082:13:APP_ZIGBEE_NVM_Init	16	static
C:/Users/Teambull/STM32Cube/Example/Zigbee_OTA_Client_Router/STM32_WPAN/App/app_zigbee.c:1103:13:APP_ZIGBEE_NVM_Read	24	static
C:/Users/Teambull/STM32Cube/Example/Zigbee_OTA_Client_Router/STM32_WPAN/App/app_zigbee.c:1171:13:APP_ZIGBEE_NVM_Write	24	static
C:/Users/Teambull/STM32Cube/Example/Zigbee_OTA_Client_Router/STM32_WPAN/App/app_zigbee.c:1223:13:APP_ZIGBEE_NVM_Erase	8	static
C:/Users/Teambull/STM32Cube/Example/Zigbee_OTA_Client_Router/STM32_WPAN/App/app_zigbee.c:1236:13:APP_ZIGBEE_App_Init	8	static
C:/Users/Teambull/STM32Cube/Example/Zigbee_OTA_Client_Router/STM32_WPAN/App/app_zigbee.c:1251:13:APP_ZIGBEE_OTA_Client_ServerDiscovery	32	static
C:/Users/Teambull/STM32Cube/Example/Zigbee_OTA_Client_Router/STM32_WPAN/App/app_zigbee.c:1275:13:APP_ZIGBEE_OTA_Client_Init	16	static
C:/Users/Teambull/STM32Cube/Example/Zigbee_OTA_Client_Router/STM32_WPAN/App/app_zigbee.c:1318:6:APP_ZIGBEE_Init	16	static
C:/Users/Teambull/STM32Cube/Example/Zigbee_OTA_Client_Router/STM32_WPAN/App/app_zigbee.c:1366:13:APP_ZIGBEE_StackLayersInit	16	static
C:/Users/Teambull/STM32Cube/Example/Zigbee_OTA_Client_Router/STM32_WPAN/App/app_zigbee.c:1435:13:APP_ZIGBEE_ConfigEndpoints	40	static
C:/Users/Teambull/STM32Cube/Example/Zigbee_OTA_Client_Router/STM32_WPAN/App/app_zigbee.c:1474:13:APP_ZIGBEE_NwkForm	496	static
C:/Users/Teambull/STM32Cube/Example/Zigbee_OTA_Client_Router/STM32_WPAN/App/app_zigbee.c:1548:13:ZbStartupWaitCb	24	static
C:/Users/Teambull/STM32Cube/Example/Zigbee_OTA_Client_Router/STM32_WPAN/App/app_zigbee.c:1557:20:ZbStartupWait	24	static
C:/Users/Teambull/STM32Cube/Example/Zigbee_OTA_Client_Router/STM32_WPAN/App/app_zigbee.c:1586:6:APP_ZIGBEE_Error	16	static
C:/Users/Teambull/STM32Cube/Example/Zigbee_OTA_Client_Router/STM32_WPAN/App/app_zigbee.c:1600:13:APP_ZIGBEE_SW2_Process	8	static
C:/Users/Teambull/STM32Cube/Example/Zigbee_OTA_Client_Router/STM32_WPAN/App/app_zigbee.c:1621:13:APP_ZIGBEE_TraceError	24	static
C:/Users/Teambull/STM32Cube/Example/Zigbee_OTA_Client_Router/STM32_WPAN/App/app_zigbee.c:1640:13:APP_ZIGBEE_CheckWirelessFirmwareInfo	104	static
C:/Users/Teambull/STM32Cube/Example/Zigbee_OTA_Client_Router/STM32_WPAN/App/app_zigbee.c:1704:6:APP_ZIGBEE_RegisterCmdBuffer	16	static
C:/Users/Teambull/STM32Cube/Example/Zigbee_OTA_Client_Router/STM32_WPAN/App/app_zigbee.c:1709:24:ZIGBEE_Get_OTCmdPayloadBuffer	4	static
C:/Users/Teambull/STM32Cube/Example/Zigbee_OTA_Client_Router/STM32_WPAN/App/app_zigbee.c:1714:24:ZIGBEE_Get_OTCmdRspPayloadBuffer	4	static
C:/Users/Teambull/STM32Cube/Example/Zigbee_OTA_Client_Router/STM32_WPAN/App/app_zigbee.c:1719:24:ZIGBEE_Get_NotificationPayloadBuffer	4	static
C:/Users/Teambull/STM32Cube/Example/Zigbee_OTA_Client_Router/STM32_WPAN/App/app_zigbee.c:1724:24:ZIGBEE_Get_M0RequestPayloadBuffer	4	static
C:/Users/Teambull/STM32Cube/Example/Zigbee_OTA_Client_Router/STM32_WPAN/App/app_zigbee.c:1735:6:ZIGBEE_CmdTransfer	16	static
C:/Users/Teambull/STM32Cube/Example/Zigbee_OTA_Client_Router/STM32_WPAN/App/app_zigbee.c:1758:6:TL_ZIGBEE_CmdEvtReceived	16	static
C:/Users/Teambull/STM32Cube/Example/Zigbee_OTA_Client_Router/STM32_WPAN/App/app_zigbee.c:1772:6:TL_ZIGBEE_NotReceived	16	static
C:/Users/Teambull/STM32Cube/Example/Zigbee_OTA_Client_Router/STM32_WPAN/App/app_zigbee.c:1787:6:Pre_ZigbeeCmdProcessing	8	static
C:/Users/Teambull/STM32Cube/Example/Zigbee_OTA_Client_Router/STM32_WPAN/App/app_zigbee.c:1798:13:Wait_Getting_Ack_From_M0	8	static
C:/Users/Teambull/STM32Cube/Example/Zigbee_OTA_Client_Router/STM32_WPAN/App/app_zigbee.c:1810:13:Receive_Ack_From_M0	8	static
C:/Users/Teambull/STM32Cube/Example/Zigbee_OTA_Client_Router/STM32_WPAN/App/app_zigbee.c:1821:13:Receive_Notification_From_M0	8	static
C:/Users/Teambull/STM32Cube/Example/Zigbee_OTA_Client_Router/STM32_WPAN/App/app_zigbee.c:1833:6:TL_ZIGBEE_M0RequestReceived	16	static
C:/Users/Teambull/STM32Cube/Example/Zigbee_OTA_Client_Router/STM32_WPAN/App/app_zigbee.c:1846:6:APP_ZIGBEE_TL_INIT	8	static
C:/Users/Teambull/STM32Cube/Example/Zigbee_OTA_Client_Router/STM32_WPAN/App/app_zigbee.c:1859:6:APP_ZIGBEE_ProcessNotifyM0ToM4	8	static
C:/Users/Teambull/STM32Cube/Example/Zigbee_OTA_Client_Router/STM32_WPAN/App/app_zigbee.c:1879:6:APP_ZIGBEE_ProcessRequestM0ToM4	8	static
